aezeobie@snoopy:~/cs366/asn2$ gcc wash.c[1Pvi[C[C[C[C[C[C[C[1@gcc[C[C[C[C[C[C[C[1Pvi[C[C[C[C[C[C[C./a.out b.txt a.txt c.txt[15Pgcc wash.c[1Pvi[C[C[C[C[C[C[C[1@gcc[C[C[C[C[C[C[C./a.out b.txt a.txt c.txt[1P[1@a[C[C[C[C[C[1P[1@b[C[C[C[C[C[C[C[C[C[C
File a.txt: command: c
The current file is: a.txt
File a.txt: command: n
File b.txt: command: c
The current file is: b.txt
File b.txt: command: n
File c.txt: command: c
The current file is: c.txt
File c.txt: command: q
aezeobie@snoopy:~/cs366/asn2$ ./a.out a.txt b.txt c.txt[15Pgcc wash.c[1Pvi[C[C[C[C[C[C[C[1@gcc[C[C[C[C[C[C[C[1Pvi[C[C[C[C[C[C[C./a.out b.txt a.txt c.txt[K[K[K[K[K[K[K[K[K[K[K
File b.txt: command: c
The current file is: b.txt
File b.txt: command: a
Enter file to append: a.txt
Destination file: a.txt
Your file was successfully appended!
File b.txt: command: q
aezeobie@snoopy:~/cs366/asn2$ ./a.out b.txt a.txt b.txt c.txt[11Pb.txt [C[1@a[1P[C[C[C[C[C b . t x t 
File a.txt: command: d
Enter destination name: d.txt
Destination file: d.txt
Your file was successfully copied!
File a.txt: command: r
Current filename: a.txt
Enter new filename: aa.txt
New file name: aa.txt
File renamed successfully!
File a.txt: command: u
Name of file to delete: a.txt
remove: No such file or directory
There was an error deleting the file a.txt.
File a.txt: command: q q
aezeobie@snoopy:~/cs366/asn2$ ./a.out a.txt b.txt [K[K[K[K[K[K[K[K[K[K[K[K[K[K[K[K[K[K[K[Kll
ll: command not found
aezeobie@snoopy:~/cs366/asn2$ ls -l
total 76
-rw-------+ 1 aezeobie aezeobie   231 Feb 10 09:25 aa.txt
-rwx------  1 aezeobie aezeobie 13976 Feb 10 09:23 a.out
-rwxrwxrwx  1 aezeobie aezeobie    94 Feb 10 09:02 b.txt
-rw-------+ 1 aezeobie aezeobie    78 Feb 10 09:03 c.txt
-rw-------  1 aezeobie aezeobie   231 Feb 10 09:28 d.txt
-rw-------+ 1 aezeobie aezeobie   180 Feb 10 09:13 Makefile
-rw-------+ 1 aezeobie aezeobie  5986 Feb 10 09:23 wash.c
-rw-------  1 aezeobie aezeobie 32768 Feb 10 09:23 wash.out
aezeobie@snoopy:~/cs366/asn2$ ls -ll[K./a.out a.txt b.txt [6P[C[C[C[C[C[C[6@a.txt [C[C[C[C[C[C[6P[C[C[C[C[C[Cc.txt
File b.txt: command: l
Hey!!! This is the b.txt file!!
This file will be used to test the wash program for Mr.Krabs!

File b.txt: command: u
Name of file to delete: b.txt
The file b.txt was successfully deleted!! :)
File b.txt: command: n
File c.txt: command: t
Your file c.txt was cleared! :)
File c.txt: command: q
aezeobie@snoopy:~/cs366/asn2$ ./a.out b.txt c.txtls -l[Kl[K./a.out a.txt b.txt [6P[C[C[C[C[C[Ca.txt b.txt c.txt[15Pgcc wash.c[1Pvi[C[C[C[C[C[C[C[1@gcc[C[C[C[C[C[C[C[1Pvi[C[C[C[C[C[C[C./a.out b.txt a.txt c.txt[K[K[K[K[K[K[K[K[K[K[K[K[K[K[K[K[Kd.txt
File d.txt: command: c
The current file is: d.txt
File d.txt: command: m
Enter a 4-digit permission code: 0777
File d.txt: command: x
File d.txt: command: ls -l     q
aezeobie@snoopy:~/cs366/asn2$ ls -l
total 68
-rw-------+ 1 aezeobie aezeobie   231 Feb 10 09:25 aa.txt
-rwx------  1 aezeobie aezeobie 13976 Feb 10 09:23 a.out
-rw-------+ 1 aezeobie aezeobie     0 Feb 10 09:03 c.txt
-rwxrwxrwx  1 aezeobie aezeobie   231 Feb 10 09:32 d.txt
-rw-------+ 1 aezeobie aezeobie   180 Feb 10 09:13 Makefile
-rw-------+ 1 aezeobie aezeobie  5986 Feb 10 09:23 wash.c
-rw-------  1 aezeobie aezeobie 32768 Feb 10 09:23 wash.out
